<?xml version="1.0" encoding="utf-8"?>
<TestRun id="3c3ddfdb-8870-4075-a1b7-5c481a0a817e" name="v-txianyoong@DESKTOP-2GPMM7M 2026-06-13 09:03:05" runUser="REDMOND\v-txianyoong" xmlns="http://microsoft.com/schemas/VisualStudio/TeamTest/2010">
  <Times creation="2026-06-13T09:03:05.0464256+08:00" queuing="2026-06-13T09:03:05.0464265+08:00" start="2026-06-13T09:02:50.4588971+08:00" finish="2026-06-13T09:03:05.0555658+08:00" />
  <TestSettings name="default" id="a3655d0e-b960-4d68-9a38-abb16df1796a">
    <Deployment runDeploymentRoot="v-txianyoong_DESKTOP-2GPMM7M_2026-06-13_09_03_05" />
  </TestSettings>
  <Results>
    <UnitTestResult executionId="64db645d-94af-43c2-9511-843004e5fd79" testId="d1f1b2fe-7cd0-30ca-ca9f-17ecfbc56a58" testName="VisualStudioTests.Tests.BVT_Test.LaunchVisualStudioTestBVT" computerName="DESKTOP-2GPMM7M" duration="00:00:10.2881617" startTime="2026-06-13T09:03:04.8683151+08:00" endTime="2026-06-13T09:03:04.8683549+08:00" testType="13cdc9d9-ddb5-4fa4-a97d-d965ccfc6d4b" outcome="Passed" testListId="8c84fa94-04c1-424b-9868-57a2d4851a1d" relativeResultsDirectory="64db645d-94af-43c2-9511-843004e5fd79" />
  </Results>
  <TestDefinitions>
    <UnitTest name="VisualStudioTests.Tests.BVT_Test.LaunchVisualStudioTestBVT" storage="c:\users\v-txianyoong\visualstudiotests\bin\debug\net8.0\visualstudiotests.dll" id="d1f1b2fe-7cd0-30ca-ca9f-17ecfbc56a58">
      <Execution id="64db645d-94af-43c2-9511-843004e5fd79" />
      <TestMethod codeBase="C:\Users\v-txianyoong\VisualStudioTests\bin\Debug\net8.0\VisualStudioTests.dll" adapterTypeName="executor://xunit/VsTestRunner2/netcoreapp" className="VisualStudioTests.Tests.BVT_Test" name="LaunchVisualStudioTestBVT" />
    </UnitTest>
  </TestDefinitions>
  <TestEntries>
    <TestEntry testId="d1f1b2fe-7cd0-30ca-ca9f-17ecfbc56a58" executionId="64db645d-94af-43c2-9511-843004e5fd79" testListId="8c84fa94-04c1-424b-9868-57a2d4851a1d" />
  </TestEntries>
  <TestLists>
    <TestList name="Results Not in a List" id="8c84fa94-04c1-424b-9868-57a2d4851a1d" />
    <TestList name="All Loaded Results" id="19431567-8539-422a-85d7-44ee4e166bda" />
  </TestLists>
  <ResultSummary outcome="Completed">
    <Counters total="1" executed="1" passed="1" failed="0" error="0" timeout="0" aborted="0" inconclusive="0" passedButRunAborted="0" notRunnable="0" notExecuted="0" disconnected="0" warning="0" completed="0" inProgress="0" pending="0" />
    <Output>
      <StdOut>[xUnit.net 00:00:00.00] xUnit.net VSTest Adapter v2.8.2+699d445a1a (64-bit .NET 8.0.28)&#xD;
[xUnit.net 00:00:02.34]   Discovering: VisualStudioTests&#xD;
[xUnit.net 00:00:02.38]   Discovered:  VisualStudioTests&#xD;
[xUnit.net 00:00:02.39]   Starting:    VisualStudioTests&#xD;
[xUnit.net 00:00:12.74]   Finished:    VisualStudioTests&#xD;
</StdOut>
    </Output>
  </ResultSummary>
</TestRun>